// Jest Snapshot v1, https://goo.gl/fbAQLP

exports[`shoud render expense list 1`] = `
<div>
  <ExpenseListItem
    amount={195}
    createdAt={0}
    description="GUM"
    id="1"
    key="1"
    note=""
  />
  <ExpenseListItem
    amount={109500}
    createdAt={-345600000}
    description="RENT"
    id="2"
    key="2"
    note=""
  />
  <ExpenseListItem
    amount={4500}
    createdAt={345600000}
    description="CREDITCARD"
    id="3"
    key="3"
    note=""
  />
</div>
`;

exports[`shoud render expense list, empty expense 1`] = `
<div>
  <p>
    No expenses
  </p>
</div>
`;
